../Core/Src/app_threadx.c:148:6:App_ThreadX_Init	56	static
../Core/Src/app_threadx.c:279:6:MX_ThreadX_Init	8	static
../Core/Src/app_threadx.c:319:16:calculate_crc8	24	static
../Core/Src/app_threadx.c:340:16:validate_crc8	24	static
../Core/Src/app_threadx.c:358:6:mcp_send_message	40	static
../Core/Src/app_threadx.c:390:13:HeartBeat_Thread_Entry	40	static
../Core/Src/app_threadx.c:455:13:Temperature_Thread_Entry	96	static
../Core/Src/app_threadx.c:593:13:Speed_Thread_Entry	64	static
../Core/Src/app_threadx.c:665:13:CAN_RX_Thread_Entry	112	static
../Core/Src/app_threadx.c:1048:13:IMU_Thread_Entry	216	static
../Core/Src/app_threadx.c:1186:13:ToF_Thread_Entry	1440	static
../Core/Src/app_threadx.c:1433:13:Battery_Thread_Entry	56	static
../Core/Src/app_threadx.c:1525:6:thread_relay_entry	32	static
