../Core/Src/app_threadx.c:145:6:App_ThreadX_Init	56	static
../Core/Src/app_threadx.c:337:6:MX_ThreadX_Init	8	static
../Core/Src/app_threadx.c:356:13:HeartBeat_Thread_Entry	24	static
../Core/Src/app_threadx.c:378:13:Environment_Thread_Entry	24	static
../Core/Src/app_threadx.c:397:13:Speed_Thread_Entry	24	static
../Core/Src/app_threadx.c:418:13:CAN_RX_Thread_Entry	24	static
../Core/Src/app_threadx.c:437:13:IMU_Thread_Entry	24	static
../Core/Src/app_threadx.c:456:13:ToF_Thread_Entry	24	static
../Core/Src/app_threadx.c:474:13:SRF08_Thread_Entry	24	static
../Core/Src/app_threadx.c:488:13:AEB_Thread_Entry	136	static
../Core/Src/app_threadx.c:530:13:Battery_Thread_Entry	24	static
../Core/Src/app_threadx.c:543:6:thread_relay_entry	32	static
../Core/Src/app_threadx.c:577:13:CC_Thread_Entry	24	static
../Core/Src/app_threadx.c:596:13:Indicator_Thread_Entry	24	static
