../Core/Src/stm32u5xx_it.c:60:6:HAL_GPIO_EXTI_Callback	16	static
../Core/Src/stm32u5xx_it.c:89:6:NMI_Handler	4	static
../Core/Src/stm32u5xx_it.c:104:6:HardFault_Handler	4	static
../Core/Src/stm32u5xx_it.c:119:6:MemManage_Handler	4	static
../Core/Src/stm32u5xx_it.c:134:6:BusFault_Handler	4	static
../Core/Src/stm32u5xx_it.c:149:6:UsageFault_Handler	4	static
../Core/Src/stm32u5xx_it.c:164:6:DebugMon_Handler	4	static
../Core/Src/stm32u5xx_it.c:184:6:EXTI7_IRQHandler	8	static
../Core/Src/stm32u5xx_it.c:198:6:TIM6_IRQHandler	8	static
