../Core/Src/stm32u5xx_it.c:59:6:HAL_GPIO_EXTI_Callback	16	static
../Core/Src/stm32u5xx_it.c:72:6:HAL_TIM_IC_CaptureCallback	24	static
../Core/Src/stm32u5xx_it.c:122:6:NMI_Handler	4	static
../Core/Src/stm32u5xx_it.c:137:6:HardFault_Handler	4	static
../Core/Src/stm32u5xx_it.c:152:6:MemManage_Handler	4	static
../Core/Src/stm32u5xx_it.c:167:6:BusFault_Handler	4	static
../Core/Src/stm32u5xx_it.c:182:6:UsageFault_Handler	4	static
../Core/Src/stm32u5xx_it.c:197:6:DebugMon_Handler	4	static
../Core/Src/stm32u5xx_it.c:217:6:EXTI7_IRQHandler	8	static
../Core/Src/stm32u5xx_it.c:231:6:TIM4_IRQHandler	8	static
../Core/Src/stm32u5xx_it.c:245:6:TIM6_IRQHandler	8	static
