../Core/Src/vl53l5cx_driver.c:22:19:VL53L5CX_Init	16	static
../Core/Src/vl53l5cx_driver.c:98:19:VL53L5CX_ConfigureInterrupt	8	static
../Core/Src/vl53l5cx_driver.c:110:19:VL53L5CX_StartRanging	16	static
../Core/Src/vl53l5cx_driver.c:133:19:VL53L5CX_StopRanging	16	static
../Core/Src/vl53l5cx_driver.c:156:19:VL53L5CX_GetDataReady	24	static
../Core/Src/vl53l5cx_driver.c:177:19:VL53L5CX_GetResults	24	static
../Core/Src/vl53l5cx_driver.c:199:19:VL53L5CX_ReadDistanceData4x4	1384	static
../Core/Src/vl53l5cx_driver.c:229:19:VL53L5CX_ReadDistance	1384	static
../Core/Src/vl53l5cx_driver.c:257:19:VL53L5CX_ClearInterrupt	4	static
../Core/Src/vl53l5cx_driver.c:269:19:VL53L5CX_TestSensor	1424	static
